
Sam@LAPTOP-L9A91NAL MINGW64 ~
$ ls
'3D Objects'/
 7zxa.dll*
 AppData/
'Application Data'@
 Contacts/
 Cookies@
 CursoBD/
 default.sfx*
 Descript.ion
 Desktop/
 Documents/
 Downloads/
 Dropbox/
 Favorites/
 IntelGraphicsProfiles/
 Leame.txt
 licencia.rtf
 Links/
'Local Settings'@
 MicrosoftEdgeBackups/
 Miniconda3/
 Music/
'My Documents'@
 NetHood@
 Novedades.txt
 NTUSER.DAT
 ntuser.dat.LOG1
 ntuser.dat.LOG2
 NTUSER.DAT{1c3790b4-b8ad-11e8-aa21-e41d2d101530}.TM.blf
 NTUSER.DAT{1c3790b4-b8ad-11e8-aa21-e41d2d101530}.TMContainer00000000000000000001.regtrans-ms
 NTUSER.DAT{1c3790b4-b8ad-11e8-aa21-e41d2d101530}.TMContainer00000000000000000002.regtrans-ms
 ntuser.ini
 OneDrive/
 Order.htm
 Pictures/
 PrintHood@
 Rar.exe*
 rar.lng
 Rar.txt
 RarExt.dll*
 rarext.lng
 RarExt64.dll*
 RarFiles.lst
 rarnew.dat
 Recent@
 Roaming/
'Saved Games'/
 Searches/
 SendTo@
'Start Menu'@
 Templates@
 Uninstall.exe*
 uninstall.lng
 Uninstall.lst
 UnRAR.exe*
 Videos/
 WinCon.sfx*
 winrar.chm
 WinRAR.exe*
 winrar.lng
 zip.sfx*
 zipnew.dat

Sam@LAPTOP-L9A91NAL MINGW64 ~
$ cd Documents/

Sam@LAPTOP-L9A91NAL MINGW64 ~/Documents
$ CursoBD
bash: CursoBD: command not found

Sam@LAPTOP-L9A91NAL MINGW64 ~/Documents
$ cd CursoBD/

Sam@LAPTOP-L9A91NAL MINGW64 ~/Documents/CursoBD
$ mkdir Proyecto1
mkdir: cannot create directory ‘Proyecto1’: File exists

Sam@LAPTOP-L9A91NAL MINGW64 ~/Documents/CursoBD
$ mkdir Postwork1

Sam@LAPTOP-L9A91NAL MINGW64 ~/Documents/CursoBD
$ cd Postwork1/

Sam@LAPTOP-L9A91NAL MINGW64 ~/Documents/CursoBD/Postwork1
$ ls
AplicacionBiologicos.zip  Información.txt
